// Jest Snapshot v1, https://goo.gl/fbAQLP

exports[`Test route Home render Home 1`] = `
<div
  className="sc-bxivhb lluzpC"
>
  <h1
    className="sc-bdVaJa kwHLXg"
  />
  <div
    className="sc-htpNat bBHonn"
  >
    <div
      className="sc-bxivhb lluzpC"
    >
      <label
        htmlFor="email"
      >
        Input Email
      </label>
      <input
        className="sc-EHOje jbbhzM"
        id="email"
        name="toto"
        placeholder="dupont@ymail.com"
        type="email"
      />
    </div>
    <div
      className="sc-bxivhb lluzpC"
    >
      <label
        htmlFor="textarea"
      >
        Textarea
      </label>
      <textarea
        className="sc-gzVnrw fpgqiK"
        id="textarea"
      />
    </div>
    <div
      className="sc-bxivhb lluzpC"
    >
      <label
        htmlFor="select"
      >
        Select
      </label>
      <select
        className="sc-bZQynM bLpLBk"
        id="select"
      >
        <option>
          Toto
        </option>
      </select>
    </div>
  </div>
  <div
    className="sc-htpNat bdtpqn"
  >
    <button
      className="sc-ifAKCX kUckIj"
    >
      Cancel
    </button>
    <button
      className="sc-ifAKCX cYWbib"
    >
      Valider
    </button>
  </div>
  <div
    className="sc-htpNat bBHonn"
  >
    <div
      className="sc-bwzfXH UDjhZ"
    >
      Col 1
    </div>
    <div
      className="sc-bwzfXH UDjhZ"
    >
      Col 2
    </div>
    <div
      className="sc-bwzfXH UDjhZ"
    >
      Col 3
    </div>
  </div>
  <div
    className="sc-iwsKbI loswFL"
  >
    Alert
  </div>
  <div
    className="sc-iwsKbI gcMXUb"
  >
    Alert warning
  </div>
  <div
    className="sc-iwsKbI fqcyIz"
  >
    Alert error
  </div>
</div>
`;
