// Jest Snapshot v1, https://goo.gl/fbAQLP

exports[`render row 1`] = `
.c0 {
  font-size: 1.5em;
  display: -webkit-box;
  display: -webkit-flex;
  display: -ms-flexbox;
  display: flex;
  -webkit-flex-direction: row;
  -ms-flex-direction: row;
  flex-direction: row;
  -webkit-flex-wrap: wrap;
  -ms-flex-wrap: wrap;
  flex-wrap: wrap;
  margin-bottom: 10px;
}

.c0:last-child {
  margin: 0;
}

@media (max-width:25em) {
  .c0 {
    -webkit-flex-direction: column;
    -ms-flex-direction: column;
    flex-direction: column;
  }
}

<div
  className="c0"
/>
`;
